python : Traceback 
(most recent call 
last):
At line:1 char:1
+ python test_qdrant_
integration.py > 
test_output.txt 2>&1
+ ~~~~~~~~~~~~~~~~~~~
~~~~~~~~~~~~~~~~~~~~~
~~~~~~~~~~~~~~~~
    + CategoryInfo   
           : NotSpe  
  cified: (Traceba   
 ck (most recent     
call last)::Stri    
ng) [], RemoteEx    
ception
    + FullyQualified 
   ErrorId : Native  
  CommandError
 
  File "D:\VouchVault
\test_qdrant_integrat
ion.py", line 60, in 
<module>
    
test_integration()
  File "D:\VouchVault
\test_qdrant_integrat
ion.py", line 14, in 
test_integration
    
print("\U0001f9ea 
Starting Qdrant 
Integration Test...")
  File "C:\Users\Leno
vo\AppData\Local\Prog
rams\Python\Python311
\Lib\encodings\cp1252
.py", line 19, in 
encode
    return codecs.cha
rmap_encode(input,sel
f.errors,encoding_tab
le)[0]
           ^^^^^^^^^^
^^^^^^^^^^^^^^^^^^^^^
^^^^^^^^^^^^^^^^^^^^^
^^^
UnicodeEncodeError: 
'charmap' codec 
can't encode 
character 
'\U0001f9ea' in 
position 0: 
character maps to 
<undefined>
